Lm = D_m^32
Loaded: /Users/liubixuan/Documents/LPSM/model_selection/MS-S/experiments/output/upp_scal_n4_dm4_nsm10000_omega1_minabs02_10seeds_PlaAbs/support_18/seed_6/objective_curve_sigma_hat.npz
Curve type: sigma_hat_from_given_sigma
Matrix dimension: 4
Number of samples: 10000
Raw-objective floor: 1e-08
Raw objectives tied at zero: 1
Method: plateau
Plateau comparison: succeeded
Chosen plateau dimension: 4
Chosen plateau interval: [1.16183498754e-22, 8.85502257554e-19)
Chosen plateau log-width: 8.93873945862
Runner-up plateau log-width: 8.75997195707
Plateau log-width margin: 0.178767501549
Chosen plateau center: 1.01430148593e-20
Selection source: plateau
Minimal scale: 1.01430148593e-20
Recommendation factor: 2
Recommended scale: 2.02860297187e-20
Selected dimension at recommended scale: 4
Recommended scale within chosen plateau: True
