Lm = D_m^32
Loaded: /Users/liubixuan/Documents/LPSM/model_selection/MS-S/experiments/output/upp_scal_n4_dm4_nsm10000_omega1_minabs02_10seeds_PlaAbs/support_18/seed_27/objective_curve_sigma_hat.npz
Curve type: sigma_hat_from_given_sigma
Matrix dimension: 4
Number of samples: 10000
Raw-objective floor: 1e-08
Raw objectives tied at zero: 1
Method: plateau
Plateau comparison: succeeded
Chosen plateau dimension: 2
Chosen plateau interval: [1.9134206626e-16, 1.16308794034e-12)
Chosen plateau log-width: 8.71252629464
Runner-up plateau log-width: 7.22793626043
Plateau log-width margin: 1.48459003421
Chosen plateau center: 1.49180310278e-14
Selection source: plateau
Minimal scale: 1.49180310278e-14
Recommendation factor: 2
Recommended scale: 2.98360620556e-14
Selected dimension at recommended scale: 2
Recommended scale within chosen plateau: True
