Lm = D_m^32
Loaded: /Users/liubixuan/Documents/LPSM/model_selection/MS-S/experiments/output/upp_scal_n4_dm4_nsm10000_omega1_minabs02_10seeds_PlaAbs/support_18/seed_18/objective_curve_sigma_hat.npz
Curve type: sigma_hat_from_given_sigma
Matrix dimension: 4
Number of samples: 10000
Raw-objective floor: 1e-08
Raw objectives tied at zero: 1
Method: plateau
Plateau comparison: succeeded
Chosen plateau dimension: 2
Chosen plateau interval: [9.03287781737e-17, 7.02583537207e-13)
Chosen plateau log-width: 8.95906348248
Runner-up plateau log-width: 6.1302448331
Plateau log-width margin: 2.82881864938
Chosen plateau center: 7.96639896571e-15
Selection source: plateau
Minimal scale: 7.96639896571e-15
Recommendation factor: 2
Recommended scale: 1.59327979314e-14
Selected dimension at recommended scale: 2
Recommended scale within chosen plateau: True
