Lm = D_m^32
Loaded: /Users/liubixuan/Documents/LPSM/model_selection/MS-S/experiments/output/upp_scal_n4_dm4_nsm10000_omega1_minabs02_10seeds_PlaAbs/support_18/seed_21/objective_curve_sigma_hat.npz
Curve type: sigma_hat_from_given_sigma
Matrix dimension: 4
Number of samples: 10000
Raw-objective floor: 1e-08
Raw objectives tied at zero: 1
Method: plateau
Plateau comparison: succeeded
Chosen plateau dimension: 2
Chosen plateau interval: [9.53039589526e-17, 1.07031327792e-12)
Chosen plateau log-width: 9.32639059489
Runner-up plateau log-width: 6.75292984405
Plateau log-width margin: 2.57346075084
Chosen plateau center: 1.00997570617e-14
Selection source: plateau
Minimal scale: 1.00997570617e-14
Recommendation factor: 2
Recommended scale: 2.01995141234e-14
Selected dimension at recommended scale: 2
Recommended scale within chosen plateau: True
