Lm = D_m^32
Loaded: /Users/liubixuan/Documents/LPSM/model_selection/MS-S/experiments/output/upp_scal_n4_dm4_nsm10000_omega1_minabs02_10seeds_PlaAbs/support_18/seed_3/objective_curve_sigma_hat.npz
Curve type: sigma_hat_from_given_sigma
Matrix dimension: 4
Number of samples: 10000
Raw-objective floor: 1e-08
Raw objectives tied at zero: 1
Method: plateau
Plateau comparison: succeeded
Chosen plateau dimension: 2
Chosen plateau interval: [7.54646212745e-17, 1.13376529795e-12)
Chosen plateau log-width: 9.61739081951
Runner-up plateau log-width: 6.54328036613
Plateau log-width margin: 3.07411045338
Chosen plateau center: 9.24981993466e-15
Selection source: plateau
Minimal scale: 9.24981993466e-15
Recommendation factor: 2
Recommended scale: 1.84996398693e-14
Selected dimension at recommended scale: 2
Recommended scale within chosen plateau: True
