Lm = D_m^48
Loaded: /Users/liubixuan/Documents/LPSM/model_selection/MS-S/experiments/output/upp_scal_n4_dm4_nsm10000_omega1_minabs02_10seeds_PlaAbs/support_18/seed_4/objective_curve_sigma_hat.npz
Curve type: sigma_hat_from_given_sigma
Matrix dimension: 4
Number of samples: 10000
Raw-objective floor: 1e-08
Raw objectives tied at zero: 0
Method: plateau
Plateau comparison: succeeded
Chosen plateau dimension: 2
Chosen plateau interval: [3.22431420161e-20, 4.58506985117e-15)
Chosen plateau log-width: 11.8650105283
Runner-up plateau log-width: 11.3706603371
Plateau log-width margin: 0.494350191229
Chosen plateau center: 1.21588263564e-17
Selection source: plateau
Minimal scale: 1.21588263564e-17
Recommendation factor: 2
Recommended scale: 2.43176527128e-17
Selected dimension at recommended scale: 2
Recommended scale within chosen plateau: True
