Lm = D_m^48
Loaded: /Users/liubixuan/Documents/LPSM/model_selection/MS-S/experiments/output/upp_scal_n4_dm4_nsm10000_omega1_minabs02_10seeds_PlaAbs/support_18/seed_13/objective_curve_sigma_hat.npz
Curve type: sigma_hat_from_given_sigma
Matrix dimension: 4
Number of samples: 10000
Raw-objective floor: 1e-08
Raw objectives tied at zero: 1
Method: plateau
Plateau comparison: succeeded
Chosen plateau dimension: 2
Chosen plateau interval: [2.46551248173e-20, 3.09485957676e-15)
Chosen plateau log-width: 11.7402683099
Runner-up plateau log-width: 8.62967698093
Plateau log-width margin: 3.11059132893
Chosen plateau center: 8.73522461972e-18
Selection source: plateau
Minimal scale: 8.73522461972e-18
Recommendation factor: 2
Recommended scale: 1.74704492394e-17
Selected dimension at recommended scale: 2
Recommended scale within chosen plateau: True
