Lm = D_m^48
Loaded: /Users/liubixuan/Documents/LPSM/model_selection/MS-S/experiments/output/upp_scal_n4_dm4_nsm10000_omega1_minabs02_10seeds_PlaAbs/support_18/seed_8/objective_curve_sigma_hat.npz
Curve type: sigma_hat_from_given_sigma
Matrix dimension: 4
Number of samples: 10000
Raw-objective floor: 1e-08
Raw objectives tied at zero: 1
Method: plateau
Plateau comparison: succeeded
Chosen plateau dimension: 2
Chosen plateau interval: [1.93371041824e-20, 4.07657598475e-15)
Chosen plateau log-width: 12.2587422278
Runner-up plateau log-width: 10.1283132127
Plateau log-width margin: 2.13042901516
Chosen plateau center: 8.87857953304e-18
Selection source: plateau
Minimal scale: 8.87857953304e-18
Recommendation factor: 2
Recommended scale: 1.77571590661e-17
Selected dimension at recommended scale: 2
Recommended scale within chosen plateau: True
