Lm = D_m^48
Loaded: /Users/liubixuan/Documents/LPSM/model_selection/MS-S/experiments/output/upp_scal_n4_dm4_nsm10000_omega1_minabs02_10seeds_PlaAbs/support_18/seed_18/objective_curve_sigma_hat.npz
Curve type: sigma_hat_from_given_sigma
Matrix dimension: 4
Number of samples: 10000
Raw-objective floor: 1e-08
Raw objectives tied at zero: 1
Method: plateau
Plateau comparison: succeeded
Chosen plateau dimension: 2
Chosen plateau interval: [1.37510854125e-20, 2.74449845743e-15)
Chosen plateau log-width: 12.2039911448
Runner-up plateau log-width: 8.01741746634
Plateau log-width margin: 4.18657367848
Chosen plateau center: 6.14327540508e-18
Selection source: plateau
Minimal scale: 6.14327540508e-18
Recommendation factor: 2
Recommended scale: 1.22865508102e-17
Selected dimension at recommended scale: 2
Recommended scale within chosen plateau: True
