Lm = D_m^48
Loaded: /Users/liubixuan/Documents/LPSM/model_selection/MS-S/experiments/output/upp_scal_n4_dm4_nsm10000_omega1_minabs02_10seeds_PlaAbs/support_18/seed_21/objective_curve_sigma_hat.npz
Curve type: sigma_hat_from_given_sigma
Matrix dimension: 4
Number of samples: 10000
Raw-objective floor: 1e-08
Raw objectives tied at zero: 1
Method: plateau
Plateau comparison: succeeded
Chosen plateau dimension: 2
Chosen plateau interval: [1.45084756628e-20, 4.18095949129e-15)
Chosen plateau log-width: 12.5713183144
Runner-up plateau log-width: 8.5514953462
Plateau log-width margin: 4.01982296821
Chosen plateau center: 7.7884112004e-18
Selection source: plateau
Minimal scale: 7.7884112004e-18
Recommendation factor: 2
Recommended scale: 1.55768224008e-17
Selected dimension at recommended scale: 2
Recommended scale within chosen plateau: True
