Lm rule: 1
Loaded: /Users/liubixuan/Documents/LPSM/model_selection/MS-S/experiments/output/upp_scal_n4_dm4_nsm10000_omega1_minabs02_10seeds_PlaAbs/support_18/seed_13/objective_curve_sigma_hat.npz
Curve type: sigma_hat_from_given_sigma
Matrix dimension: 4
Number of samples: 10000
Raw-objective floor: 1e-08
Raw objectives tied at zero: 1
Method: plateau
Plateau comparison: succeeded
Chosen plateau dimension: 4
Chosen plateau interval: [2.17814222111e-10, 4.55048145747e-09)
Chosen plateau log-width: 3.03934581386
Runner-up plateau log-width: 1.54157946217
Plateau log-width margin: 1.49776635169
Chosen plateau center: 9.95569976892e-10
Selection source: plateau
Minimal scale: 9.95569976892e-10
Recommendation factor: 2
Recommended scale: 1.99113995378e-09
Selected dimension at recommended scale: 4
Recommended scale within chosen plateau: True
