Lm rule: 1
Loaded: /Users/liubixuan/Documents/LPSM/model_selection/MS-S/experiments/output/upp_scal_n4_dm4_nsm1e6_omega1_minabs02_10seeds_PlaAbs/support_18/seed_147/objective_curve_sigma_hat.npz
Curve type: sigma_hat_from_given_sigma
Matrix dimension: 4
Number of samples: 1000000
Raw-objective floor: 1e-08
Raw objectives tied at zero: 1
Method: plateau
Plateau comparison: succeeded
Chosen plateau dimension: 4
Chosen plateau interval: [7.32576041511e-13, 3.88574361157e-08)
Chosen plateau log-width: 10.8788428758
Runner-up plateau log-width: 2.12716288431
Plateau log-width margin: 8.75167999152
Chosen plateau center: 1.68718780024e-10
Selection source: plateau
Minimal scale: 1.68718780024e-10
Recommendation factor: 2
Recommended scale: 3.37437560049e-10
Selected dimension at recommended scale: 4
Recommended scale within chosen plateau: True
