Lm rule: D_m
Loaded: /Users/liubixuan/Documents/LPSM/model_selection/MS-S/experiments/output/upp_scal_n4_dm4_nsm1e6_omega1_minabs02_10seeds_PlaAbs/support_18/seed_147/objective_curve_sigma_hat.npz
Curve type: sigma_hat_from_given_sigma
Matrix dimension: 4
Number of samples: 1000000
Raw-objective floor: 1e-08
Raw objectives tied at zero: 1
Method: plateau
Plateau comparison: succeeded
Chosen plateau dimension: 4
Chosen plateau interval: [4.27241269583e-13, 2.53112317824e-08)
Chosen plateau log-width: 10.9894099113
Runner-up plateau log-width: 2.28149320819
Plateau log-width margin: 8.70791670316
Chosen plateau center: 1.0399039764e-10
Selection source: plateau
Minimal scale: 1.0399039764e-10
Recommendation factor: 2
Recommended scale: 2.07980795281e-10
Selected dimension at recommended scale: 4
Recommended scale within chosen plateau: True
