Lm rule: 1
Loaded: /Users/liubixuan/Documents/LPSM/model_selection/MS-S/experiments/output/upp_scal_n4_dm4_nsm1e6_omega1_minabs02_10seeds_PlaAbs/support_18/seed_3/objective_curve_sigma_hat.npz
Curve type: sigma_hat_from_given_sigma
Matrix dimension: 4
Number of samples: 1000000
Raw-objective floor: 1e-08
Raw objectives tied at zero: 1
Method: plateau
Plateau comparison: succeeded
Chosen plateau dimension: 4
Chosen plateau interval: [9.50134132855e-11, 3.6613362061e-08)
Chosen plateau log-width: 5.95415046228
Runner-up plateau log-width: 4.02598851846
Plateau log-width margin: 1.92816194382
Chosen plateau center: 1.8651435605e-09
Selection source: plateau
Minimal scale: 1.8651435605e-09
Recommendation factor: 2
Recommended scale: 3.730287121e-09
Selected dimension at recommended scale: 4
Recommended scale within chosen plateau: True
