Lm = D_m^8
Loaded: /Users/liubixuan/Documents/LPSM/model_selection/MS-S/experiments/output/upp_scal_n4_dm4_nsm10000_omega1_minabs02_10seeds_PlaAbs/support_18/seed_18/objective_curve_sigma_hat.npz
Curve type: sigma_hat_from_given_sigma
Matrix dimension: 4
Number of samples: 10000
Raw-objective floor: 1e-08
Raw objectives tied at zero: 1
Method: plateau
Plateau comparison: succeeded
Chosen plateau dimension: 2
Chosen plateau interval: [5.64036033801e-11, 2.74805346551e-09)
Chosen plateau log-width: 3.88611506312
Runner-up plateau log-width: 3.88280055917
Plateau log-width margin: 0.00331450395305
Chosen plateau center: 3.93700543225e-10
Selection source: plateau
Minimal scale: 3.93700543225e-10
Recommendation factor: 2
Recommended scale: 7.87401086451e-10
Selected dimension at recommended scale: 2
Recommended scale within chosen plateau: True
