Lm = D_m^8
Loaded: /Users/liubixuan/Documents/LPSM/model_selection/MS-S/experiments/output/upp_scal_n4_dm4_nsm10000_omega1_minabs02_10seeds_PlaAbs/support_18/seed_3/objective_curve_sigma_hat.npz
Curve type: sigma_hat_from_given_sigma
Matrix dimension: 4
Number of samples: 10000
Raw-objective floor: 1e-08
Raw objectives tied at zero: 1
Method: plateau
Plateau comparison: succeeded
Chosen plateau dimension: 2
Chosen plateau interval: [4.71210650307e-11, 4.43395489368e-09)
Chosen plateau log-width: 4.54432707569
Runner-up plateau log-width: 3.74402867262
Plateau log-width margin: 0.800298403071
Chosen plateau center: 4.57091541038e-10
Selection source: plateau
Minimal scale: 4.57091541038e-10
Recommendation factor: 2
Recommended scale: 9.14183082075e-10
Selected dimension at recommended scale: 2
Recommended scale within chosen plateau: True
