Lm = D_m^8
Loaded: /Users/liubixuan/Documents/LPSM/model_selection/MS-S/experiments/output/upp_scal_n4_dm4_nsm10000_omega1_minabs02_10seeds_PlaAbs/support_18/seed_21/objective_curve_sigma_hat.npz
Curve type: sigma_hat_from_given_sigma
Matrix dimension: 4
Number of samples: 10000
Raw-objective floor: 1e-08
Raw objectives tied at zero: 1
Method: plateau
Plateau comparison: succeeded
Chosen plateau dimension: 2
Chosen plateau interval: [5.95081949721e-11, 4.18543468547e-09)
Chosen plateau log-width: 4.25325181133
Runner-up plateau log-width: 3.95367585972
Plateau log-width margin: 0.299575951616
Chosen plateau center: 4.99066792429e-10
Selection source: plateau
Minimal scale: 4.99066792429e-10
Recommendation factor: 2
Recommended scale: 9.98133584859e-10
Selected dimension at recommended scale: 2
Recommended scale within chosen plateau: True
