Lm = D_m^8
Loaded: /Users/liubixuan/Documents/LPSM/model_selection/MS-S/experiments/output/upp_scal_n4_dm4_nsm10000_omega1_minabs02_10seeds_PlaAbs/support_18/seed_8/objective_curve_sigma_hat.npz
Curve type: sigma_hat_from_given_sigma
Matrix dimension: 4
Number of samples: 10000
Raw-objective floor: 1e-08
Raw objectives tied at zero: 1
Method: plateau
Plateau comparison: succeeded
Chosen plateau dimension: 6
Chosen plateau interval: [7.69965306069e-17, 7.98579421484e-14)
Chosen plateau log-width: 6.94424424826
Runner-up plateau log-width: 4.61614536623
Plateau log-width margin: 2.32809888203
Chosen plateau center: 2.47967427031e-15
Selection source: plateau
Minimal scale: 2.47967427031e-15
Recommendation factor: 2
Recommended scale: 4.95934854062e-15
Selected dimension at recommended scale: 6
Recommended scale within chosen plateau: True
