Lm = D_m^8
Loaded: /Users/liubixuan/Documents/LPSM/model_selection/MS-S/experiments/output/upp_scal_n4_dm4_nsm10000_omega1_minabs02_10seeds_PlaAbs/support_18/seed_22/objective_curve_sigma_hat.npz
Curve type: sigma_hat_from_given_sigma
Matrix dimension: 4
Number of samples: 10000
Raw-objective floor: 1e-08
Raw objectives tied at zero: 1
Method: plateau
Plateau comparison: succeeded
Chosen plateau dimension: 4
Chosen plateau interval: [2.67068412509e-13, 1.06196384332e-11)
Chosen plateau log-width: 3.68295539618
Runner-up plateau log-width: 3.59011495224
Plateau log-width margin: 0.0928404439327
Chosen plateau center: 1.68409322123e-12
Selection source: plateau
Minimal scale: 1.68409322123e-12
Recommendation factor: 2
Recommended scale: 3.36818644246e-12
Selected dimension at recommended scale: 4
Recommended scale within chosen plateau: True
