Lm = D_m^8
Loaded: /Users/liubixuan/Documents/LPSM/model_selection/MS-S/experiments/output/upp_scal_n4_dm4_nsm10000_omega1_minabs02_10seeds_PlaAbs/support_18/seed_6/objective_curve_sigma_hat.npz
Curve type: sigma_hat_from_given_sigma
Matrix dimension: 4
Number of samples: 10000
Raw-objective floor: 1e-08
Raw objectives tied at zero: 1
Method: plateau
Plateau comparison: succeeded
Chosen plateau dimension: 6
Chosen plateau interval: [9.01173580009e-18, 4.63098098567e-15)
Chosen plateau log-width: 6.24199629491
Runner-up plateau log-width: 6.13948277638
Plateau log-width margin: 0.102513518531
Chosen plateau center: 2.04286996987e-16
Selection source: plateau
Minimal scale: 2.04286996987e-16
Recommendation factor: 2
Recommended scale: 4.08573993974e-16
Selected dimension at recommended scale: 6
Recommended scale within chosen plateau: True
