Lm = D_m^2
Loaded: /Users/liubixuan/Documents/LPSM/model_selection/MS-S/experiments/output/upp_scal_n4_dm4_nsm10000_omega1_minabs02_10seeds_PlaAbs/support_18/seed_4/objective_curve_sigma_hat.npz
Curve type: sigma_hat_from_given_sigma
Matrix dimension: 4
Number of samples: 10000
Raw-objective floor: 1e-08
Raw objectives tied at zero: 0
Method: plateau
Plateau comparison: succeeded
Chosen plateau dimension: 4
Chosen plateau interval: [3.16822503214e-11, 3.52528071593e-09)
Chosen plateau log-width: 4.7119587505
Runner-up plateau log-width: 4.3886391037
Plateau log-width margin: 0.323319646807
Chosen plateau center: 3.34198782307e-10
Selection source: plateau
Minimal scale: 3.34198782307e-10
Recommendation factor: 2
Recommended scale: 6.68397564614e-10
Selected dimension at recommended scale: 4
Recommended scale within chosen plateau: True
