Lm = D_m^2
Loaded: /Users/liubixuan/Documents/LPSM/model_selection/MS-S/experiments/output/upp_scal_n4_dm4_nsm10000_omega1_minabs02_10seeds_PlaAbs/support_18/seed_12/objective_curve_sigma_hat.npz
Curve type: sigma_hat_from_given_sigma
Matrix dimension: 4
Number of samples: 10000
Raw-objective floor: 1e-08
Raw objectives tied at zero: 1
Method: plateau
Plateau comparison: succeeded
Chosen plateau dimension: 4
Chosen plateau interval: [3.50774716756e-11, 3.02191311564e-09)
Chosen plateau log-width: 4.4560863
Runner-up plateau log-width: 2.07881482751
Plateau log-width margin: 2.37727147248
Chosen plateau center: 3.25578057799e-10
Selection source: plateau
Minimal scale: 3.25578057799e-10
Recommendation factor: 2
Recommended scale: 6.51156115597e-10
Selected dimension at recommended scale: 4
Recommended scale within chosen plateau: True
