Lm = D_m^2
Loaded: /Users/liubixuan/Documents/LPSM/model_selection/MS-S/experiments/output/upp_scal_n4_dm4_nsm10000_omega1_minabs02_10seeds_PlaAbs/support_18/seed_18/objective_curve_sigma_hat.npz
Curve type: sigma_hat_from_given_sigma
Matrix dimension: 4
Number of samples: 10000
Raw-objective floor: 1e-08
Raw objectives tied at zero: 1
Method: plateau
Plateau comparison: succeeded
Chosen plateau dimension: 6
Chosen plateau interval: [8.21439738417e-13, 2.33875377975e-11)
Chosen plateau log-width: 3.34890000748
Runner-up plateau log-width: 2.51628769291
Plateau log-width margin: 0.832612314571
Chosen plateau center: 4.38308714613e-12
Selection source: plateau
Minimal scale: 4.38308714613e-12
Recommendation factor: 2
Recommended scale: 8.76617429227e-12
Selected dimension at recommended scale: 6
Recommended scale within chosen plateau: True
