Lm = D_m^2
Loaded: /Users/liubixuan/Documents/LPSM/model_selection/MS-S/experiments/output/upp_scal_n4_dm4_nsm10000_omega1_minabs02_10seeds_PlaAbs/support_18/seed_13/objective_curve_sigma_hat.npz
Curve type: sigma_hat_from_given_sigma
Matrix dimension: 4
Number of samples: 10000
Raw-objective floor: 1e-08
Raw objectives tied at zero: 1
Method: plateau
Plateau comparison: succeeded
Chosen plateau dimension: 4
Chosen plateau interval: [7.07081933168e-11, 1.76464245857e-09)
Chosen plateau log-width: 3.21714192112
Runner-up plateau log-width: 1.82117127057
Plateau log-width margin: 1.39597065055
Chosen plateau center: 3.53234596403e-10
Selection source: plateau
Minimal scale: 3.53234596403e-10
Recommendation factor: 2
Recommended scale: 7.06469192806e-10
Selected dimension at recommended scale: 4
Recommended scale within chosen plateau: True
