Lm = D_m^2
Loaded: /Users/liubixuan/Documents/LPSM/model_selection/MS-S/experiments/output/upp_scal_n4_dm4_nsm10000_omega1_minabs02_10seeds_PlaAbs/support_18/seed_21/objective_curve_sigma_hat.npz
Curve type: sigma_hat_from_given_sigma
Matrix dimension: 4
Number of samples: 10000
Raw-objective floor: 1e-08
Raw objectives tied at zero: 1
Method: plateau
Plateau comparison: succeeded
Chosen plateau dimension: 4
Chosen plateau interval: [4.14775355529e-11, 9.57177940622e-10)
Chosen plateau log-width: 3.13883734134
Runner-up plateau log-width: 3.01060454488
Plateau log-width margin: 0.128232796453
Chosen plateau center: 1.99252056608e-10
Selection source: plateau
Minimal scale: 1.99252056608e-10
Recommendation factor: 2
Recommended scale: 3.98504113216e-10
Selected dimension at recommended scale: 4
Recommended scale within chosen plateau: True
