Lm = D_m^2
Loaded: /Users/liubixuan/Documents/LPSM/model_selection/MS-S/experiments/output/upp_scal_n4_dm4_nsm10000_omega1_minabs02_10seeds_PlaAbs/support_18/seed_27/objective_curve_sigma_hat.npz
Curve type: sigma_hat_from_given_sigma
Matrix dimension: 4
Number of samples: 10000
Raw-objective floor: 1e-08
Raw objectives tied at zero: 1
Method: plateau
Plateau comparison: succeeded
Chosen plateau dimension: 5
Chosen plateau interval: [3.24495556067e-12, 2.20340047706e-10)
Chosen plateau log-width: 4.21807036907
Runner-up plateau log-width: 2.11107480479
Plateau log-width margin: 2.10699556429
Chosen plateau center: 2.67393654196e-11
Selection source: plateau
Minimal scale: 2.67393654196e-11
Recommendation factor: 2
Recommended scale: 5.34787308392e-11
Selected dimension at recommended scale: 5
Recommended scale within chosen plateau: True
