Lm = D_m^2
Loaded: /Users/liubixuan/Documents/LPSM/model_selection/MS-S/experiments/output/upp_scal_n4_dm4_nsm10000_omega1_minabs02_10seeds_PlaAbs/support_18/seed_22/objective_curve_sigma_hat.npz
Curve type: sigma_hat_from_given_sigma
Matrix dimension: 4
Number of samples: 10000
Raw-objective floor: 1e-08
Raw objectives tied at zero: 1
Method: plateau
Plateau comparison: succeeded
Chosen plateau dimension: 4
Chosen plateau interval: [5.43247116494e-11, 9.56444665627e-10)
Chosen plateau log-width: 2.86824371807
Runner-up plateau log-width: 2.27404533643
Plateau log-width margin: 0.594198381642
Chosen plateau center: 2.27944249036e-10
Selection source: plateau
Minimal scale: 2.27944249036e-10
Recommendation factor: 2
Recommended scale: 4.55888498073e-10
Selected dimension at recommended scale: 4
Recommended scale within chosen plateau: True
