Lm = D_m^2
Loaded: /Users/liubixuan/Documents/LPSM/model_selection/MS-S/experiments/output/upp_scal_n4_dm4_nsm10000_omega1_minabs02_10seeds_PlaAbs/support_18/seed_3/objective_curve_sigma_hat.npz
Curve type: sigma_hat_from_given_sigma
Matrix dimension: 4
Number of samples: 10000
Raw-objective floor: 1e-08
Raw objectives tied at zero: 1
Method: plateau
Plateau comparison: succeeded
Chosen plateau dimension: 2
Chosen plateau interval: [1.4200244881e-09, 2.69430232007e-08)
Chosen plateau log-width: 2.94305026785
Runner-up plateau log-width: 2.92924120153
Plateau log-width margin: 0.0138090663284
Chosen plateau center: 6.18544684954e-09
Selection source: plateau
Minimal scale: 6.18544684954e-09
Recommendation factor: 2
Recommended scale: 1.23708936991e-08
Selected dimension at recommended scale: 2
Recommended scale within chosen plateau: True
