Lm rule: 1
Loaded: /Users/liubixuan/Documents/LPSM/model_selection/MS-S/experiments/output/upp_scal_n4_dm4_nsm10000_omega1_minabs02_10seeds_PlaAbs/support_18/seed_8/objective_curve_sigma_hat.npz
Curve type: sigma_hat_from_given_sigma
Matrix dimension: 4
Number of samples: 10000
Raw-objective floor: 1e-08
Raw objectives tied at zero: 1
Method: plateau
Plateau comparison: succeeded
Chosen plateau dimension: 6
Chosen plateau interval: [2.07785760666e-13, 1.1084876745e-10)
Chosen plateau log-width: 6.27941454381
Runner-up plateau log-width: 3.58924298596
Plateau log-width margin: 2.69017155785
Chosen plateau center: 4.79924946877e-12
Selection source: plateau
Minimal scale: 4.79924946877e-12
Recommendation factor: 2
Recommended scale: 9.59849893755e-12
Selected dimension at recommended scale: 6
Recommended scale within chosen plateau: True
