Lm rule: 1
Loaded: /Users/liubixuan/Documents/LPSM/model_selection/MS-S/experiments/output/upp_scal_n4_dm4_nsm10000_omega1_minabs02_10seeds_PlaAbs/support_18/seed_22/objective_curve_sigma_hat.npz
Curve type: sigma_hat_from_given_sigma
Matrix dimension: 4
Number of samples: 10000
Raw-objective floor: 1e-08
Raw objectives tied at zero: 1
Method: plateau
Plateau comparison: succeeded
Chosen plateau dimension: 4
Chosen plateau interval: [1.67362606617e-10, 2.4666118856e-09)
Chosen plateau log-width: 2.69043802607
Runner-up plateau log-width: 2.12326994375
Plateau log-width margin: 0.567168082325
Chosen plateau center: 6.42509606688e-10
Selection source: plateau
Minimal scale: 6.42509606688e-10
Recommendation factor: 2
Recommended scale: 1.28501921338e-09
Selected dimension at recommended scale: 4
Recommended scale within chosen plateau: True
