Lm rule: 1
Loaded: /Users/liubixuan/Documents/LPSM/model_selection/MS-S/experiments/output/upp_scal_n4_dm4_nsm1e6_omega1_minabs02_10seeds_PlaAbs/support_18/seed_139/objective_curve_sigma_hat.npz
Curve type: sigma_hat_from_given_sigma
Matrix dimension: 4
Number of samples: 1000000
Raw-objective floor: 1e-08
Raw objectives tied at zero: 1
Method: plateau
Plateau comparison: succeeded
Chosen plateau dimension: 4
Chosen plateau interval: [5.15067729848e-12, 3.94742716787e-08)
Chosen plateau log-width: 8.94427616847
Runner-up plateau log-width: 2.12515711732
Plateau log-width margin: 6.81911905115
Chosen plateau center: 4.5090934234e-10
Selection source: plateau
Minimal scale: 4.5090934234e-10
Recommendation factor: 2
Recommended scale: 9.01818684679e-10
Selected dimension at recommended scale: 4
Recommended scale within chosen plateau: True
