Lm rule: D_m
Loaded: /Users/liubixuan/Documents/LPSM/model_selection/MS-S/experiments/output/upp_scal_n4_dm4_nsm1e6_omega1_minabs02_10seeds_PlaAbs/support_18/seed_139/objective_curve_sigma_hat.npz
Curve type: sigma_hat_from_given_sigma
Matrix dimension: 4
Number of samples: 1000000
Raw-objective floor: 1e-08
Raw objectives tied at zero: 1
Method: plateau
Plateau comparison: succeeded
Chosen plateau dimension: 4
Chosen plateau interval: [2.93803315136e-12, 2.482779764e-08)
Chosen plateau log-width: 9.04197881569
Runner-up plateau log-width: 2.24856209972
Plateau log-width margin: 6.79341671597
Chosen plateau center: 2.70083121541e-10
Selection source: plateau
Minimal scale: 2.70083121541e-10
Recommendation factor: 2
Recommended scale: 5.40166243083e-10
Selected dimension at recommended scale: 4
Recommended scale within chosen plateau: True
