Lm = D_m^1
Loaded: /Users/liubixuan/Documents/LPSM/model_selection/MS-S/experiments/output/upp_scal_n4_dm4_nsm10000_omega1_minabs02_10seeds_PlaAbs/support_18/seed_13/objective_curve_sigma_hat.npz
Curve type: sigma_hat_from_given_sigma
Matrix dimension: 4
Number of samples: 10000
Raw-objective floor: 1e-08
Raw objectives tied at zero: 1
Method: plateau
Plateau comparison: succeeded
Chosen plateau dimension: 4
Chosen plateau interval: [1.41455646496e-10, 3.12590797769e-09)
Chosen plateau log-width: 3.09549385721
Runner-up plateau log-width: 1.63580217789
Plateau log-width margin: 1.45969167932
Chosen plateau center: 6.6496415984e-10
Selection source: plateau
Minimal scale: 6.6496415984e-10
Recommendation factor: 2
Recommended scale: 1.32992831968e-09
Selected dimension at recommended scale: 4
Recommended scale within chosen plateau: True
