Lm = D_m^1
Loaded: /Users/liubixuan/Documents/LPSM/model_selection/MS-S/experiments/output/upp_scal_n4_dm4_nsm10000_omega1_minabs02_10seeds_PlaAbs/support_18/seed_8/objective_curve_sigma_hat.npz
Curve type: sigma_hat_from_given_sigma
Matrix dimension: 4
Number of samples: 10000
Raw-objective floor: 1e-08
Raw objectives tied at zero: 1
Method: plateau
Plateau comparison: succeeded
Chosen plateau dimension: 6
Chosen plateau interval: [1.23511955925e-13, 6.86771887849e-11)
Chosen plateau log-width: 6.32083442161
Runner-up plateau log-width: 3.67973513642
Plateau log-width margin: 2.64109928519
Chosen plateau center: 2.91246526404e-12
Selection source: plateau
Minimal scale: 2.91246526404e-12
Recommendation factor: 2
Recommended scale: 5.82493052808e-12
Selected dimension at recommended scale: 6
Recommended scale within chosen plateau: True
