Lm = D_m^1
Loaded: /Users/liubixuan/Documents/LPSM/model_selection/MS-S/experiments/output/upp_scal_n4_dm4_nsm10000_omega1_minabs02_10seeds_PlaAbs/support_18/seed_21/objective_curve_sigma_hat.npz
Curve type: sigma_hat_from_given_sigma
Matrix dimension: 4
Number of samples: 10000
Raw-objective floor: 1e-08
Raw objectives tied at zero: 1
Method: plateau
Plateau comparison: succeeded
Chosen plateau dimension: 4
Chosen plateau interval: [8.29256727059e-11, 1.69456942385e-09)
Chosen plateau log-width: 3.01723926329
Runner-up plateau log-width: 2.92114915921
Plateau log-width margin: 0.0960901040858
Chosen plateau center: 3.74864388038e-10
Selection source: plateau
Minimal scale: 3.74864388038e-10
Recommendation factor: 2
Recommended scale: 7.49728776077e-10
Selected dimension at recommended scale: 4
Recommended scale within chosen plateau: True
