Lm rule: D_m
Loaded: /Users/liubixuan/Documents/LPSM/model_selection/MS-S/experiments/output/upp_scal_n4_dm4_nsm1e6_omega1_minabs02_10seeds_PlaAbs/support_18/seed_2/objective_curve_sigma_hat.npz
Curve type: sigma_hat_from_given_sigma
Matrix dimension: 4
Number of samples: 1000000
Raw-objective floor: 1e-08
Raw objectives tied at zero: 1
Method: plateau
Plateau comparison: succeeded
Chosen plateau dimension: 4
Chosen plateau interval: [1.52026132623e-11, 2.48326176458e-08)
Chosen plateau log-width: 7.39844595743
Runner-up plateau log-width: 2.24767356978
Plateau log-width margin: 5.15077238765
Chosen plateau center: 6.14427117207e-10
Selection source: plateau
Minimal scale: 6.14427117207e-10
Recommendation factor: 2
Recommended scale: 1.22885423441e-09
Selected dimension at recommended scale: 4
Recommended scale within chosen plateau: True
