Lm rule: 1
Loaded: /Users/liubixuan/Documents/LPSM/model_selection/MS-S/experiments/output/upp_scal_n4_dm4_nsm10000_omega1_minabs02_10seeds_PlaAbs/support_18/seed_4/objective_curve_sigma_hat.npz
Curve type: sigma_hat_from_given_sigma
Matrix dimension: 4
Number of samples: 10000
Raw-objective floor: 1e-08
Raw objectives tied at zero: 0
Method: plateau
Plateau comparison: succeeded
Chosen plateau dimension: 4
Chosen plateau interval: [1.05080916372e-10, 8.64411829411e-09)
Chosen plateau log-width: 4.40990371716
Runner-up plateau log-width: 4.1814155773
Plateau log-width margin: 0.228488139862
Chosen plateau center: 9.53064463492e-10
Selection source: plateau
Minimal scale: 9.53064463492e-10
Recommendation factor: 2
Recommended scale: 1.90612892698e-09
Selected dimension at recommended scale: 4
Recommended scale within chosen plateau: True
